TEST 1 BEGIN
$ python3 -c 'from quiz_8 import *; print(CircularList(7))'
[7]
TEST 1 END

TEST 2 BEGIN
$ python3 -c 'from quiz_8 import *; print(CircularList(3, 4.0, 5, 6.0))'
[3, 4.0, 5, 6.0]
TEST 2 END

TEST 3 BEGIN
$ python3 -c 'from quiz_8 import *; print(len(CircularList(*range(10_000))))'
10000
TEST 3 END

TEST 4 BEGIN
$ python3 -c 'from quiz_8 import *; L = CircularList(*range(2, 80, 3)); L[73] = 100; print(L)'
[2, 5, 8, 11, 14, 17, 20, 23, 26, 29, 32, 35, 38, 41, 44, 47, 50, 53, 56, 59, 62, 100, 68, 71, 74, 77]
TEST 4 END

TEST 5 BEGIN
$ python3 -c 'from quiz_8 import *; L = CircularList(*range(234, -73, -8)); L[-4532] = 300; print(L)'
[234, 226, 218, 210, 202, 194, 186, 178, 170, 162, 154, 146, 138, 130, 122, 114, 106, 98, 90, 82, 74, 66, 58, 50, 42, 34, 26, 18, 10, 2, -6, 300, -22, -30, -38, -46, -54, -62, -70]
TEST 5 END

TEST 6 BEGIN
$ python3 -c 'from quiz_8 import *; L = CircularList(*range(-76, 34, 5)); print(L[89])'
-71
TEST 6 END

TEST 7 BEGIN
$ python3 -c 'from quiz_8 import *; L = CircularList(*range(-76, 34, 5)); print(L[-89])'
29
TEST 7 END

TEST 8 BEGIN
$ python3 -c 'from quiz_8 import *; L = CircularList(*range(854, 45, -13)); print(L[2334234235212443])'
711
TEST 8 END

TEST 9 BEGIN
$ python3 -c 'from quiz_8 import *; L = CircularList(*range(854, 45, -13)); print(L[-2334234235212443])'
178
TEST 9 END

TEST 10 BEGIN
$ python3 -c 'from quiz_8 import *; L = CircularList(*range(10)); L[0 : 0 : 0]'
Traceback (most recent call last):
  File "<string>", line 1, in <module>
  File "/Users/ericmartin/Documents/COMP9021/Quizzes/Quiz_8/Submissions/eric.martin@unsw.edu.au/quiz_8.py", line 34, in __getitem__
    raise ValueError('slice step cannot be zero')
ValueError: slice step cannot be zero
TEST 10 END

TEST 11 BEGIN
$ python3 -c 'from quiz_8 import *; L = CircularList(*range(-123, 567, 32)); print(L[22 ::])'
[]
TEST 11 END

TEST 12 BEGIN
$ python3 -c 'from quiz_8 import *; L = CircularList(*range(-123, 567, 32)); print(L[-17 ::])'
[37, 69, 101, 133, 165, 197, 229, 261, 293, 325, 357, 389, 421, 453, 485, 517, 549, -123, -91, -59, -27, 5, 37, 69, 101, 133, 165, 197, 229, 261, 293, 325, 357, 389, 421, 453, 485, 517, 549]
TEST 12 END

TEST 13 BEGIN
$ python3 -c 'from quiz_8 import *; L = CircularList(*range(45233, -342532, -2355)); print(L[: 200:])'
[45233, 42878, 40523, 38168, 35813, 33458, 31103, 28748, 26393, 24038, 21683, 19328, 16973, 14618, 12263, 9908, 7553, 5198, 2843, 488, -1867, -4222, -6577, -8932, -11287, -13642, -15997, -18352, -20707, -23062, -25417, -27772, -30127, -32482, -34837, -37192, -39547, -41902, -44257, -46612, -48967, -51322, -53677, -56032, -58387, -60742, -63097, -65452, -67807, -70162, -72517, -74872, -77227, -79582, -81937, -84292, -86647, -89002, -91357, -93712, -96067, -98422, -100777, -103132, -105487, -107842, -110197, -112552, -114907, -117262, -119617, -121972, -124327, -126682, -129037, -131392, -133747, -136102, -138457, -140812, -143167, -145522, -147877, -150232, -152587, -154942, -157297, -159652, -162007, -164362, -166717, -169072, -171427, -173782, -176137, -178492, -180847, -183202, -185557, -187912, -190267, -192622, -194977, -197332, -199687, -202042, -204397, -206752, -209107, -211462, -213817, -216172, -218527, -220882, -223237, -225592, -227947, -230302, -232657, -235012, -237367, -239722, -242077, -244432, -246787, -249142, -251497, -253852, -256207, -258562, -260917, -263272, -265627, -267982, -270337, -272692, -275047, -277402, -279757, -282112, -284467, -286822, -289177, -291532, -293887, -296242, -298597, -300952, -303307, -305662, -308017, -310372, -312727, -315082, -317437, -319792, -322147, -324502, -326857, -329212, -331567, -333922, -336277, -338632, -340987, 45233, 42878, 40523, 38168, 35813, 33458, 31103, 28748, 26393, 24038, 21683, 19328, 16973, 14618, 12263, 9908, 7553, 5198, 2843, 488, -1867, -4222, -6577, -8932, -11287, -13642, -15997, -18352, -20707, -23062, -25417, -27772, -30127, -32482, -34837]
TEST 13 END

TEST 14 BEGIN
$ python3 -c 'from quiz_8 import *; L = CircularList(*range(920, 5924, 6)); print(L[:: 11])'
[920, 986, 1052, 1118, 1184, 1250, 1316, 1382, 1448, 1514, 1580, 1646, 1712, 1778, 1844, 1910, 1976, 2042, 2108, 2174, 2240, 2306, 2372, 2438, 2504, 2570, 2636, 2702, 2768, 2834, 2900, 2966, 3032, 3098, 3164, 3230, 3296, 3362, 3428, 3494, 3560, 3626, 3692, 3758, 3824, 3890, 3956, 4022, 4088, 4154, 4220, 4286, 4352, 4418, 4484, 4550, 4616, 4682, 4748, 4814, 4880, 4946, 5012, 5078, 5144, 5210, 5276, 5342, 5408, 5474, 5540, 5606, 5672, 5738, 5804, 5870]
TEST 14 END

TEST 15 BEGIN
$ python3 -c 'from quiz_8 import *; L = CircularList(*range(920, -5924, 6)); print(L[:: -11])'
[]
TEST 15 END

TEST 16 BEGIN
$ python3 -c 'from quiz_8 import *; L = CircularList(*range(123, 45678, 910)); print(L[-30 : 47 :])'
[19233, 20143, 21053, 21963, 22873, 23783, 24693, 25603, 26513, 27423, 28333, 29243, 30153, 31063, 31973, 32883, 33793, 34703, 35613, 36523, 37433, 38343, 39253, 40163, 41073, 41983, 42893, 43803, 44713, 45623, 123, 1033, 1943, 2853, 3763, 4673, 5583, 6493, 7403, 8313, 9223, 10133, 11043, 11953, 12863, 13773, 14683, 15593, 16503, 17413, 18323, 19233, 20143, 21053, 21963, 22873, 23783, 24693, 25603, 26513, 27423, 28333, 29243, 30153, 31063, 31973, 32883, 33793, 34703, 35613, 36523, 37433, 38343, 39253, 40163, 41073, 41983]
TEST 16 END

TEST 17 BEGIN
$ python3 -c 'from quiz_8 import *; L = CircularList(*range(123, 45678, 910)); print(L[123424526590233 : 123424526590234 :])'
[11043]
TEST 17 END

TEST 18 BEGIN
$ python3 -c 'from quiz_8 import *; L = CircularList(*range(12421423, 35235225, 91092)); print(L[21 : : 13])'
[14334355, 15518551, 16702747, 17886943, 19071139, 20255335, 21439531, 22623727, 23807923, 24992119, 26176315, 27360511, 28544707, 29728903, 30913099, 32097295, 33281491, 34465687]
TEST 18 END

TEST 19 BEGIN
$ python3 -c 'from quiz_8 import *; L = CircularList(*range(12421423, 35235225, 91092)); print(L[21 : : -13])'
[14334355, 13150159, 34830055, 33645859, 32461663, 31277467, 30093271, 28909075, 27724879, 26540683, 25356487, 24172291, 22988095, 21803899, 20619703, 19435507, 18251311, 17067115, 15882919, 14698723, 13514527]
TEST 19 END

TEST 20 BEGIN
$ python3 -c 'from quiz_8 import *; L = CircularList(*range(3435, -343534, -466)); print(L[: 435 : 67])'
[3435, -27787, -59009, -90231, -121453, -152675, -183897]
TEST 20 END

TEST 21 BEGIN
$ python3 -c 'from quiz_8 import *; L = CircularList(*range(3435, -343534, -466)); print(L[: -435 : -67])'
[-343269, -312047, -280825, -249603, -218381, -187159, -155937]
TEST 21 END

TEST 22 BEGIN
$ python3 -c 'from quiz_8 import *; L = CircularList(*range(-335254, -34365, 1038)); print(L[34 : 234 : 52])'
[-299962, -245986, -192010, -138034]
TEST 22 END

TEST 23 BEGIN
$ python3 -c 'from quiz_8 import *; L = CircularList(*range(56456, 3434, -89)); print(L[-71 : 56 : 16])'
[9731, 8307, 6883, 5459, 4035, 55655, 54231, 52807]
TEST 23 END

TEST 24 BEGIN
$ python3 -c 'from quiz_8 import *; L = CircularList(*range(456, 6556, 3)); print(L[96734 : -3545 : -646])'
[3864, 1926, 6090, 4152, 2214, 6378, 4440, 2502, 564, 4728, 2790, 852, 5016, 3078, 1140, 5304, 3366, 1428, 5592, 3654, 1716, 5880, 3942, 2004, 6168, 4230, 2292, 6456, 4518, 2580, 642, 4806, 2868, 930, 5094, 3156, 1218, 5382, 3444, 1506, 5670, 3732, 1794, 5958, 4020, 2082, 6246, 4308, 2370, 6534, 4596, 2658, 720, 4884, 2946, 1008, 5172, 3234, 1296, 5460, 3522, 1584, 5748, 3810, 1872, 6036, 4098, 2160, 6324, 4386, 2448, 510, 4674, 2736, 798, 4962, 3024, 1086, 5250, 3312, 1374, 5538, 3600, 1662, 5826, 3888, 1950, 6114, 4176, 2238, 6402, 4464, 2526, 588, 4752, 2814, 876, 5040, 3102, 1164, 5328, 3390, 1452, 5616, 3678, 1740, 5904, 3966, 2028, 6192, 4254, 2316, 6480, 4542, 2604, 666, 4830, 2892, 954, 5118, 3180, 1242, 5406, 3468, 1530, 5694, 3756, 1818, 5982, 4044, 2106, 6270, 4332, 2394, 456, 4620, 2682, 744, 4908, 2970, 1032, 5196, 3258, 1320, 5484, 3546, 1608, 5772, 3834, 1896, 6060, 4122, 2184, 6348, 4410, 2472]
TEST 24 END

TEST 25 BEGIN
$ python3 -c 'from quiz_8 import *; L = CircularList(*range(563849, 4592374556, 2345)); print(L[-456 : -2029 : -646])'
[4591307034, 4589792164, 4588277294]
TEST 25 END

